[Sat Dec 04 19:20:00.193769 2021] [wsgi:error] [pid 164279:tid 140431836620544] [remote 58.219.57.205:11190] Not Found: /phpmyadmin/
[Sat Dec 04 19:20:00.395744 2021] [wsgi:error] [pid 164279:tid 140431845013248] [remote 58.219.57.205:11190] Not Found: /phpmyadmin/
[Sat Dec 04 19:20:00.550649 2021] [wsgi:error] [pid 164279:tid 140431836620544] [remote 58.219.57.205:11190] Not Found: /phpmyadmin/
[Sat Dec 04 19:20:00.704249 2021] [wsgi:error] [pid 164279:tid 140431845013248] [remote 58.219.57.205:11190] Not Found: /phpmyadmin/
[Sat Dec 04 19:20:00.861740 2021] [wsgi:error] [pid 164279:tid 140431836620544] [remote 58.219.57.205:11190] Not Found: /phpmyadmin/
[Sat Dec 04 19:20:00.868004 2021] [wsgi:error] [pid 164279:tid 140431845013248] [remote 58.219.57.205:11190] Not Found: /phpmyadmin/
[Sat Dec 04 19:20:01.016442 2021] [wsgi:error] [pid 164279:tid 140431836620544] [remote 58.219.57.205:11190] Not Found: /phpmyadmin/
[Sat Dec 04 19:20:01.177369 2021] [wsgi:error] [pid 164279:tid 140431845013248] [remote 58.219.57.205:11190] Not Found: /phpmyadmin/
[Sat Dec 04 19:20:01.329274 2021] [wsgi:error] [pid 164279:tid 140431836620544] [remote 58.219.57.205:11190] Not Found: /phpmyadmin/
[Sat Dec 04 19:20:01.486910 2021] [wsgi:error] [pid 164279:tid 140431845013248] [remote 58.219.57.205:11190] Not Found: /phpmyadmin/
[Sat Dec 04 19:20:01.643266 2021] [wsgi:error] [pid 164279:tid 140431836620544] [remote 58.219.57.205:11190] Not Found: /phpmyadmin/
[Sat Dec 04 19:20:01.797494 2021] [wsgi:error] [pid 164279:tid 140431845013248] [remote 58.219.57.205:11190] Not Found: /phpmyadmin/
[Sat Dec 04 19:20:01.971691 2021] [wsgi:error] [pid 164279:tid 140431836620544] [remote 58.219.57.205:11190] Not Found: /phpmyadmin/
[Sat Dec 04 19:20:02.128667 2021] [wsgi:error] [pid 164279:tid 140431845013248] [remote 58.219.57.205:11190] Not Found: /phpmyadmin/
[Sat Dec 04 19:20:02.294915 2021] [wsgi:error] [pid 164279:tid 140431836620544] [remote 58.219.57.205:11190] Not Found: /phpmyadmin/
[Sat Dec 04 19:20:02.452902 2021] [wsgi:error] [pid 164279:tid 140431845013248] [remote 58.219.57.205:11190] Not Found: /phpmyadmin/
[Sat Dec 04 19:20:02.609603 2021] [wsgi:error] [pid 164279:tid 140431836620544] [remote 58.219.57.205:11190] Not Found: /phpmyadmin/
[Sat Dec 04 19:20:02.764758 2021] [wsgi:error] [pid 164279:tid 140431845013248] [remote 58.219.57.205:11190] Not Found: /phpmyadmin/
[Sat Dec 04 19:20:02.921427 2021] [wsgi:error] [pid 164279:tid 140431836620544] [remote 58.219.57.205:11190] Not Found: /phpmyadmin/
[Sat Dec 04 19:20:03.078728 2021] [wsgi:error] [pid 164279:tid 140431845013248] [remote 58.219.57.205:11190] Not Found: /phpmyadmin/
[Sat Dec 04 19:20:03.233735 2021] [wsgi:error] [pid 164279:tid 140431836620544] [remote 58.219.57.205:11190] Not Found: /phpmyadmin/
[Sat Dec 04 19:20:03.392098 2021] [wsgi:error] [pid 164279:tid 140431845013248] [remote 58.219.57.205:11190] Not Found: /phpmyadmin/
[Sat Dec 04 19:20:03.545525 2021] [wsgi:error] [pid 164279:tid 140431836620544] [remote 58.219.57.205:11190] Not Found: /phpmyadmin/
[Sat Dec 04 19:20:03.704087 2021] [wsgi:error] [pid 164279:tid 140431845013248] [remote 58.219.57.205:11190] Not Found: /phpmyadmin/
[Sat Dec 04 19:20:03.709592 2021] [wsgi:error] [pid 164279:tid 140431836620544] [remote 58.219.57.205:11190] Not Found: /phpmyadmin/
[Sat Dec 04 19:20:03.860453 2021] [wsgi:error] [pid 164279:tid 140431828227840] [remote 58.219.57.205:11190] Not Found: /phpmyadmin/
[Sat Dec 04 19:20:04.017024 2021] [wsgi:error] [pid 164279:tid 140431836620544] [remote 58.219.57.205:11190] Not Found: /phpmyadmin/
[Sat Dec 04 19:20:04.172996 2021] [wsgi:error] [pid 164279:tid 140431828227840] [remote 58.219.57.205:11190] Not Found: /phpmyadmin/
[Sat Dec 04 19:20:04.327805 2021] [wsgi:error] [pid 164279:tid 140431836620544] [remote 58.219.57.205:11190] Not Found: /phpmyadmin/
[Sat Dec 04 19:20:04.484059 2021] [wsgi:error] [pid 164279:tid 140431828227840] [remote 58.219.57.205:11190] Not Found: /phpmyadmin/
[Sat Dec 04 19:20:04.641261 2021] [wsgi:error] [pid 164279:tid 140431836620544] [remote 58.219.57.205:11190] Not Found: /phpmyadmin/
[Sat Dec 04 19:20:04.797438 2021] [wsgi:error] [pid 164279:tid 140431828227840] [remote 58.219.57.205:11190] Not Found: /phpmyadmin/
[Sat Dec 04 19:25:08.812086 2021] [wsgi:error] [pid 164279:tid 140431836620544] [remote 61.147.15.67:34886] Not Found: /
[Sat Dec 04 19:25:32.355271 2021] [wsgi:error] [pid 164279:tid 140431828227840] [remote 43.131.68.225:19928] Invalid HTTP_HOST header: 'localhost'. You may need to add 'localhost' to ALLOWED_HOSTS.
[Sat Dec 04 19:25:32.381638 2021] [wsgi:error] [pid 164279:tid 140431828227840] [remote 43.131.68.225:19928] Bad Request: /
[Sat Dec 04 19:25:35.744579 2021] [wsgi:error] [pid 164279:tid 140431836620544] [remote 209.141.54.28:46466] Not Found: /
[Sat Dec 04 19:25:35.977638 2021] [wsgi:error] [pid 164279:tid 140431828227840] [remote 209.141.54.28:46466] Not Found: /favicon.ico
[Sat Dec 04 19:25:36.549268 2021] [wsgi:error] [pid 164279:tid 140431836620544] [remote 103.114.158.1:29290] Invalid HTTP_HOST header: 'vast-production-sfo3.zentrick.com'. You may need to add 'vast-production-sfo3.zentrick.com' to ALLOWED_HOSTS.
[Sat Dec 04 19:25:36.647841 2021] [wsgi:error] [pid 164279:tid 140431836620544] [remote 103.114.158.1:29290] Bad Request: /
[Sat Dec 04 19:25:37.300554 2021] [wsgi:error] [pid 164279:tid 140431828227840] [remote 209.141.36.112:58930] Invalid HTTP_HOST header: 'vast-production-sfo3.zentrick.com'. You may need to add 'vast-production-sfo3.zentrick.com' to ALLOWED_HOSTS.
[Sat Dec 04 19:25:37.326019 2021] [wsgi:error] [pid 164279:tid 140431828227840] [remote 209.141.36.112:58930] Bad Request: /
[Sat Dec 04 19:25:42.302239 2021] [wsgi:error] [pid 164279:tid 140431836620544] [remote 103.114.158.1:29342] Invalid HTTP_HOST header: 'vast-production-sfo3.zentrick.com'. You may need to add 'vast-production-sfo3.zentrick.com' to ALLOWED_HOSTS.
[Sat Dec 04 19:25:42.329940 2021] [wsgi:error] [pid 164279:tid 140431836620544] [remote 103.114.158.1:29342] Bad Request: /favicon.ico
[Sat Dec 04 19:28:50.026965 2021] [wsgi:error] [pid 164279:tid 140431828227840] [remote 178.62.59.163:46866] Not Found: /.env
[Sat Dec 04 19:29:00.296762 2021] [wsgi:error] [pid 164279:tid 140431836620544] [remote 178.62.59.163:47200] Not Found: /
[Sat Dec 04 19:31:34.225136 2021] [wsgi:error] [pid 164279:tid 140431828227840] [remote 61.147.15.67:56890] Not Found: /
[Sat Dec 04 19:38:56.285660 2021] [wsgi:error] [pid 164279:tid 140431836620544] [remote 54.153.124.247:54070] Not Found: /.env
[Sat Dec 04 19:38:56.300392 2021] [wsgi:error] [pid 164279:tid 140431828227840] [remote 54.153.124.247:55022] Not Found: /vendor/.env
[Sat Dec 04 19:38:56.312673 2021] [wsgi:error] [pid 164279:tid 140431836620544] [remote 54.153.124.247:55039] Not Found: /storage/.env
[Sat Dec 04 19:38:56.326689 2021] [wsgi:error] [pid 164279:tid 140431828227840] [remote 54.153.124.247:55086] Not Found: /public/.env
[Sat Dec 04 19:38:56.338112 2021] [wsgi:error] [pid 164279:tid 140431836620544] [remote 54.153.124.247:55817] Not Found: /
[Sat Dec 04 19:59:20.390110 2021] [wsgi:error] [pid 164279:tid 140431828227840] [remote 134.255.231.216:60036] Not Found: /
[Sat Dec 04 20:38:46.590500 2021] [wsgi:error] [pid 164279:tid 140431836620544] [remote 178.62.59.163:57100] Not Found: /.env
[Sat Dec 04 20:38:49.939088 2021] [wsgi:error] [pid 164279:tid 140431828227840] [remote 178.62.59.163:59846] Not Found: /
[Sat Dec 04 20:51:31.793818 2021] [core:error] [pid 164280:tid 140431715157760] [client 47.252.38.12:41870] AH00126: Invalid URI in request POST /cgi-bin/.%2e/.%2e/.%2e/.%2e/.%2e/.%2e/.%2e/.%2e/.%2e/.%2e/bin/sh HTTP/1.1
[Sat Dec 04 21:32:21.872749 2021] [wsgi:error] [pid 164279:tid 140431836620544] [remote 198.98.49.124:46894] Not Found: /config/getuser
[Sat Dec 04 23:01:23.403502 2021] [wsgi:error] [pid 164279:tid 140431836620544] [remote 23.251.102.74:50276] Not Found: /
[Sat Dec 04 23:47:20.290281 2021] [wsgi:error] [pid 164279:tid 140431828227840] [remote 178.62.59.163:48714] Not Found: /.env
[Sat Dec 04 23:47:21.528433 2021] [wsgi:error] [pid 164279:tid 140431836620544] [remote 178.62.59.163:49630] Not Found: /
[Sat Dec 04 23:59:41.257976 2021] [wsgi:error] [pid 164279:tid 140431828227840] [remote 45.83.65.231:63110] Not Found: /
[Sat Dec 04 23:59:41.585953 2021] [wsgi:error] [pid 164279:tid 140431836620544] [remote 45.83.66.200:2178] Not Found: /favicon.ico
Exception ignored in: <function Local.__del__ at 0x7fb8d2b42430>
Traceback (most recent call last):
  File "/DjangoServer/venv/lib/python3.8/site-packages/asgiref/local.py", line 96, in __del__
NameError: name 'TypeError' is not defined
Exception ignored in: <function Local.__del__ at 0x7fb8d2b42430>
Traceback (most recent call last):
  File "/DjangoServer/venv/lib/python3.8/site-packages/asgiref/local.py", line 96, in __del__
NameError: name 'TypeError' is not defined
Exception ignored in: <function Local.__del__ at 0x7fb8d12d80d0>
Traceback (most recent call last):
  File "/DjangoServer/venv/lib/python3.8/site-packages/asgiref/local.py", line 96, in __del__
NameError: name 'TypeError' is not defined
Exception ignored in: <function Local.__del__ at 0x7fb8d12d80d0>
Traceback (most recent call last):
  File "/DjangoServer/venv/lib/python3.8/site-packages/asgiref/local.py", line 96, in __del__
NameError: name 'TypeError' is not defined
[Sun Dec 05 00:06:29.151792 2021] [wsgi:error] [pid 172398:tid 140431878584064] [remote 167.248.133.44:40048] Not Found: /
[Sun Dec 05 00:06:29.263987 2021] [wsgi:error] [pid 172398:tid 140431811442432] [remote 167.248.133.44:33548] Not Found: /
[Sun Dec 05 00:18:23.619573 2021] [wsgi:error] [pid 172398:tid 140431878584064] [remote 167.172.214.198:41906] Not Found: /
[Sun Dec 05 00:24:23.125228 2021] [wsgi:error] [pid 172398:tid 140431811442432] [remote 64.62.197.92:42202] Not Found: /
[Sun Dec 05 00:52:30.566982 2021] [wsgi:error] [pid 172398:tid 140431878584064] [remote 103.211.217.231:49924] Not Found: /dbadmin/index.php
[Sun Dec 05 00:52:31.048170 2021] [wsgi:error] [pid 172398:tid 140431811442432] [remote 103.211.217.231:50314] Not Found: /mysql/web/index.php
[Sun Dec 05 00:52:31.566476 2021] [wsgi:error] [pid 172398:tid 140431878584064] [remote 103.211.217.231:50676] Not Found: /sql/php-myadmin/index.php
[Sun Dec 05 00:52:32.084553 2021] [wsgi:error] [pid 172398:tid 140431811442432] [remote 103.211.217.231:51084] Not Found: /phpMyadmin/index.php
[Sun Dec 05 00:52:32.609647 2021] [wsgi:error] [pid 172398:tid 140431878584064] [remote 103.211.217.231:51500] Not Found: /phpmyadmin/index.php
Exception ignored in: <function Local.__del__ at 0x7fb8d2b42430>
Traceback (most recent call last):
  File "/DjangoServer/venv/lib/python3.8/site-packages/asgiref/local.py", line 96, in __del__
NameError: name 'TypeError' is not defined
[Sun Dec 05 01:06:04.926986 2021] [wsgi:error] [pid 174703:tid 140512173422336] [remote 5.235.240.251:60851] Not Found: /
[Sun Dec 05 01:21:39.789709 2021] [wsgi:error] [pid 174703:tid 140512139851520] [remote 23.183.83.241:59116] Invalid HTTP_HOST header: 'wydip.cc'. You may need to add 'wydip.cc' to ALLOWED_HOSTS.
[Sun Dec 05 01:21:39.820007 2021] [wsgi:error] [pid 174703:tid 140512139851520] [remote 23.183.83.241:59116] Bad Request: /
[Sun Dec 05 03:06:57.236265 2021] [wsgi:error] [pid 174703:tid 140512173422336] [remote 198.98.49.124:35370] Not Found: /
[Sun Dec 05 03:12:44.585458 2021] [wsgi:error] [pid 174703:tid 140512139851520] [remote 178.32.197.94:55453] Not Found: /
[Sun Dec 05 04:38:21.692475 2021] [wsgi:error] [pid 174703:tid 140512173422336] [remote 195.154.62.232:57253] Not Found: /favicon.ico
[Sun Dec 05 04:40:37.093260 2021] [wsgi:error] [pid 174703:tid 140512139851520] [remote 172.105.89.161:48539] Invalid HTTP_HOST header: '127.0.1.1'. You may need to add '127.0.1.1' to ALLOWED_HOSTS.
[Sun Dec 05 04:40:37.134904 2021] [wsgi:error] [pid 174703:tid 140512139851520] [remote 172.105.89.161:48539] Bad Request: /0bef
[Sun Dec 05 04:52:35.641788 2021] [wsgi:error] [pid 174703:tid 140512173422336] [remote 209.141.32.65:48906] Invalid HTTP_HOST header: 'apibx.bongx9.com'. You may need to add 'apibx.bongx9.com' to ALLOWED_HOSTS.
[Sun Dec 05 04:52:35.684050 2021] [wsgi:error] [pid 174703:tid 140512173422336] [remote 209.141.32.65:48906] Bad Request: /api/bong88-links
[Sun Dec 05 05:06:36.530298 2021] [wsgi:error] [pid 174703:tid 140512139851520] [remote 209.141.62.227:50688] Invalid HTTP_HOST header: '369best.com'. You may need to add '369best.com' to ALLOWED_HOSTS.
[Sun Dec 05 05:06:36.559043 2021] [wsgi:error] [pid 174703:tid 140512139851520] [remote 209.141.62.227:50688] Bad Request: /fbd/index.html
[Sun Dec 05 05:14:03.904988 2021] [wsgi:error] [pid 174703:tid 140512173422336] [remote 45.155.205.233:41970] Not Found: /solr/admin/info/system
[Sun Dec 05 05:47:51.039383 2021] [wsgi:error] [pid 174703:tid 140512139851520] [remote 185.168.173.121:49929] Not Found: /
[Sun Dec 05 05:48:34.031544 2021] [wsgi:error] [pid 174703:tid 140512173422336] [remote 45.155.205.233:53238] Not Found: /index.php
[Sun Dec 05 05:54:44.963287 2021] [wsgi:error] [pid 174703:tid 140512139851520] [remote 80.82.77.192:51698] Not Found: /
[Sun Dec 05 06:03:32.724525 2021] [wsgi:error] [pid 174703:tid 140512173422336] [remote 120.85.115.196:1769] Invalid HTTP_HOST header: '127.0.1.1'. You may need to add '127.0.1.1' to ALLOWED_HOSTS.
[Sun Dec 05 06:03:32.751634 2021] [wsgi:error] [pid 174703:tid 140512173422336] [remote 120.85.115.196:1769] Bad Request: /setup.cgi
[Sun Dec 05 06:22:01.400362 2021] [wsgi:error] [pid 174703:tid 140512139851520] [remote 45.155.205.233:34326] Not Found: /
[Sun Dec 05 06:37:40.331731 2021] [wsgi:error] [pid 174703:tid 140512173422336] [remote 109.237.103.123:54226] Not Found: /.env
[Sun Dec 05 06:49:25.995711 2021] [wsgi:error] [pid 174703:tid 140512139851520] [remote 45.155.205.233:54680] Not Found: /
[Sun Dec 05 07:09:49.869947 2021] [wsgi:error] [pid 174703:tid 140512173422336] [remote 178.62.59.163:39270] Not Found: /.env
[Sun Dec 05 07:10:05.075966 2021] [wsgi:error] [pid 174703:tid 140512139851520] [remote 178.62.59.163:39966] Not Found: /
[Sun Dec 05 07:18:41.767672 2021] [wsgi:error] [pid 174703:tid 140512173422336] [remote 45.155.205.233:44652] Not Found: /console/
[Sun Dec 05 07:38:40.783095 2021] [wsgi:error] [pid 174703:tid 140512139851520] [remote 193.118.53.202:48776] Not Found: /
[Sun Dec 05 07:48:12.162825 2021] [wsgi:error] [pid 174703:tid 140512173422336] [remote 45.155.205.233:57096] Not Found: /Autodiscover/Autodiscover.xml
[Sun Dec 05 08:27:31.686004 2021] [wsgi:error] [pid 174703:tid 140512139851520] [remote 54.153.124.247:53925] Not Found: /.env
[Sun Dec 05 08:27:31.726655 2021] [wsgi:error] [pid 174703:tid 140512173422336] [remote 54.153.124.247:53115] Not Found: /
[Sun Dec 05 08:42:48.105656 2021] [wsgi:error] [pid 174703:tid 140512139851520] [remote 45.155.205.233:33168] Not Found: /_ignition/execute-solution
[Sun Dec 05 09:07:11.927272 2021] [wsgi:error] [pid 174703:tid 140512173422336] [remote 209.141.58.179:38658] Invalid HTTP_HOST header: 'www.mudvod.tv'. You may need to add 'www.mudvod.tv' to ALLOWED_HOSTS.
[Sun Dec 05 09:07:11.956947 2021] [wsgi:error] [pid 174703:tid 140512173422336] [remote 209.141.58.179:38658] Bad Request: /
[Sun Dec 05 09:15:01.660087 2021] [wsgi:error] [pid 174703:tid 140512139851520] [remote 45.155.205.233:60804] Not Found: /
[Sun Dec 05 09:21:21.829256 2021] [core:error] [pid 174704:tid 140512044500736] [client 45.155.205.233:44454] AH00126: Invalid URI in request POST /cgi-bin/.%2e/.%2e/.%2e/.%2e/bin/sh HTTP/1.1
[Sun Dec 05 09:54:30.245711 2021] [wsgi:error] [pid 174703:tid 140512173422336] [remote 45.155.205.233:54146] Not Found: /
[Sun Dec 05 10:18:27.449779 2021] [wsgi:error] [pid 174703:tid 140512139851520] [remote 139.162.145.250:52502] Not Found: /bag2
[Sun Dec 05 10:30:43.183619 2021] [wsgi:error] [pid 174703:tid 140512173422336] [remote 209.141.57.164:36324] Not Found: /swagger/v1/swagger.json
[Sun Dec 05 10:37:54.827236 2021] [wsgi:error] [pid 174703:tid 140512139851520] [remote 167.71.101.7:55289] Invalid HTTP_HOST header: '127.0.1.1'. You may need to add '127.0.1.1' to ALLOWED_HOSTS.
[Sun Dec 05 10:37:54.855332 2021] [wsgi:error] [pid 174703:tid 140512139851520] [remote 167.71.101.7:55289] Bad Request: /
[Sun Dec 05 10:43:46.496930 2021] [wsgi:error] [pid 174703:tid 140512173422336] [remote 209.141.35.110:57066] Invalid HTTP_HOST header: 'api.mudvod.tv'. You may need to add 'api.mudvod.tv' to ALLOWED_HOSTS.
[Sun Dec 05 10:43:46.538394 2021] [wsgi:error] [pid 174703:tid 140512173422336] [remote 209.141.35.110:57066] Bad Request: /global/config/WEB/3.0
[Sun Dec 05 11:29:47.421947 2021] [wsgi:error] [pid 174703:tid 140512139851520] [remote 109.162.199.231:46971] Not Found: /
[Sun Dec 05 11:49:16.701472 2021] [wsgi:error] [pid 174703:tid 140512173422336] [remote 209.97.141.112:37616] Not Found: /.env
[Sun Dec 05 11:49:16.995444 2021] [wsgi:error] [pid 174703:tid 140512139851520] [remote 209.97.141.112:37708] Not Found: /
[Sun Dec 05 11:55:27.933195 2021] [wsgi:error] [pid 174703:tid 140512173422336] [remote 205.185.125.104:55178] Invalid HTTP_HOST header: 'pl.baiseling.com'. You may need to add 'pl.baiseling.com' to ALLOWED_HOSTS.
[Sun Dec 05 11:55:27.969793 2021] [wsgi:error] [pid 174703:tid 140512173422336] [remote 205.185.125.104:55178] Bad Request: /Login.aspx
[Sun Dec 05 12:04:26.938790 2021] [wsgi:error] [pid 174703:tid 140512139851520] [remote 23.225.163.216:39186] Not Found: /
[Sun Dec 05 12:04:32.756948 2021] [wsgi:error] [pid 174703:tid 140512173422336] [remote 23.225.163.216:40722] Not Found: /favicon.ico
[Sun Dec 05 12:04:32.962904 2021] [wsgi:error] [pid 174703:tid 140512139851520] [remote 23.225.163.216:40808] Not Found: /robots.txt
[Sun Dec 05 12:04:33.137867 2021] [wsgi:error] [pid 174703:tid 140512173422336] [remote 23.225.163.216:40840] Not Found: /sitemap.xml
[Sun Dec 05 12:09:59.974320 2021] [wsgi:error] [pid 174703:tid 140512139851520] [remote 205.185.123.233:33008] Invalid HTTP_HOST header: 'pl.baiseling.com'. You may need to add 'pl.baiseling.com' to ALLOWED_HOSTS.
[Sun Dec 05 12:10:00.001405 2021] [wsgi:error] [pid 174703:tid 140512139851520] [remote 205.185.123.233:33008] Bad Request: /Login.aspx
[Sun Dec 05 13:58:16.589133 2021] [wsgi:error] [pid 174703:tid 140512173422336] [remote 45.183.247.131:41096] Not Found: /PMA2014/index.php
[Sun Dec 05 13:58:17.106039 2021] [wsgi:error] [pid 174703:tid 140512139851520] [remote 45.183.247.131:41098] Not Found: /phpmyadmin2018/index.php
[Sun Dec 05 13:58:17.515926 2021] [wsgi:error] [pid 174703:tid 140512173422336] [remote 45.183.247.131:41100] Not Found: /phpmyadmin2019/index.php
[Sun Dec 05 13:58:17.858867 2021] [wsgi:error] [pid 174703:tid 140512139851520] [remote 45.183.247.131:41102] Not Found: /sql/myadmin/index.php
[Sun Dec 05 13:58:18.399540 2021] [wsgi:error] [pid 174703:tid 140512173422336] [remote 45.183.247.131:41104] Not Found: /sql/websql/index.php
[Sun Dec 05 13:58:18.823086 2021] [wsgi:error] [pid 174703:tid 140512139851520] [remote 45.183.247.131:41106] Not Found: /phpmyadmin2016/index.php
[Sun Dec 05 13:58:19.205897 2021] [wsgi:error] [pid 174703:tid 140512173422336] [remote 45.183.247.131:41108] Not Found: /db/myadmin/index.php
[Sun Dec 05 13:58:19.845581 2021] [wsgi:error] [pid 174703:tid 140512139851520] [remote 45.183.247.131:41112] Not Found: /PMA2013/index.php
[Sun Dec 05 13:58:20.271242 2021] [wsgi:error] [pid 174703:tid 140512173422336] [remote 45.183.247.131:41114] Not Found: /phpmyadmin2/index.php
[Sun Dec 05 13:58:20.624482 2021] [wsgi:error] [pid 174703:tid 140512139851520] [remote 45.183.247.131:41116] Not Found: /db/phpmyadmin/index.php
[Sun Dec 05 13:58:21.044484 2021] [wsgi:error] [pid 174703:tid 140512173422336] [remote 45.183.247.131:41118] Not Found: /phpMyAdmin-5.1.1-english/index.php
[Sun Dec 05 13:58:21.519254 2021] [wsgi:error] [pid 174703:tid 140512139851520] [remote 45.183.247.131:41122] Not Found: /phpMyAdmin-5.1.1-english/index.php
[Sun Dec 05 14:13:50.202654 2021] [wsgi:error] [pid 174703:tid 140512173422336] [remote 178.62.59.163:50050] Not Found: /.env
[Sun Dec 05 14:13:53.783928 2021] [wsgi:error] [pid 174703:tid 140512139851520] [remote 178.62.59.163:55188] Not Found: /
[Sun Dec 05 14:20:47.777903 2021] [wsgi:error] [pid 174703:tid 140512173422336] [remote 34.140.248.32:47272] Not Found: /
[Sun Dec 05 14:42:58.048296 2021] [wsgi:error] [pid 174703:tid 140512139851520] [remote 128.1.248.26:50500] Not Found: /
[Sun Dec 05 16:07:23.089561 2021] [wsgi:error] [pid 174703:tid 140512173422336] [remote 192.241.212.52:33692] Not Found: /
[Sun Dec 05 17:00:39.280130 2021] [wsgi:error] [pid 174703:tid 140512139851520] [remote 142.93.186.253:58678] Invalid HTTP_HOST header: '127.0.1.1'. You may need to add '127.0.1.1' to ALLOWED_HOSTS.
[Sun Dec 05 17:00:39.305885 2021] [wsgi:error] [pid 174703:tid 140512139851520] [remote 142.93.186.253:58678] Bad Request: /
[Sun Dec 05 17:00:39.547249 2021] [wsgi:error] [pid 174703:tid 140512173422336] [remote 142.93.186.253:58866] Not Found: /system_api.php
[Sun Dec 05 17:00:39.691350 2021] [wsgi:error] [pid 174703:tid 140512139851520] [remote 142.93.186.253:58948] Not Found: /c/version.js
[Sun Dec 05 17:00:39.831088 2021] [wsgi:error] [pid 174703:tid 140512173422336] [remote 142.93.186.253:59040] Not Found: /streaming/clients_live.php
[Sun Dec 05 17:00:39.975640 2021] [wsgi:error] [pid 174703:tid 140512139851520] [remote 142.93.186.253:59128] Not Found: /stalker_portal/c/version.js
[Sun Dec 05 17:00:40.117720 2021] [wsgi:error] [pid 174703:tid 140512173422336] [remote 142.93.186.253:59222] Not Found: /stream/live.php
[Sun Dec 05 17:00:40.263650 2021] [wsgi:error] [pid 174703:tid 140512139851520] [remote 142.93.186.253:59314] Not Found: /flu/403.html
[Sun Dec 05 17:00:40.400143 2021] [wsgi:error] [pid 174703:tid 140512173422336] [remote 142.93.186.253:59396] Not Found: /
[Sun Dec 05 17:24:02.775673 2021] [wsgi:error] [pid 174703:tid 140512139851520] [remote 45.229.54.18:8577] Invalid HTTP_HOST header: '127.0.1.1'. You may need to add '127.0.1.1' to ALLOWED_HOSTS.
[Sun Dec 05 17:24:02.813880 2021] [wsgi:error] [pid 174703:tid 140512139851520] [remote 45.229.54.18:8577] Bad Request: /boaform/admin/formLogin
[Sun Dec 05 17:29:13.756774 2021] [wsgi:error] [pid 174703:tid 140512148244224] [remote 18.223.1.190:62852] Not Found: /staging/.env
[Sun Dec 05 17:29:13.761642 2021] [wsgi:error] [pid 174703:tid 140512139851520] [remote 18.223.1.190:62843] Not Found: /_profiler/phpinfo
[Sun Dec 05 17:29:13.783650 2021] [wsgi:error] [pid 174703:tid 140512064317184] [remote 18.223.1.190:62840] Not Found: /phpinfo
[Sun Dec 05 17:29:13.798420 2021] [wsgi:error] [pid 174703:tid 140512081102592] [remote 18.223.1.190:62841] Not Found: /phpinfo.php
[Sun Dec 05 17:29:13.819178 2021] [wsgi:error] [pid 174703:tid 140512089495296] [remote 18.223.1.190:62846] Not Found: /app/.env
[Sun Dec 05 17:29:13.864141 2021] [wsgi:error] [pid 174703:tid 140512055924480] [remote 18.223.1.190:62849] Not Found: /api/.env
[Sun Dec 05 17:29:13.865551 2021] [wsgi:error] [pid 174703:tid 140512106280704] [remote 18.223.1.190:62845] Not Found: /core/.env
[Sun Dec 05 17:29:13.868204 2021] [wsgi:error] [pid 174703:tid 140512072709888] [remote 18.223.1.190:62848] Not Found: /dev/.env
[Sun Dec 05 17:29:13.875186 2021] [wsgi:error] [pid 174703:tid 140512148244224] [remote 18.223.1.190:62850] Not Found: /stag/.env
[Sun Dec 05 17:29:13.893392 2021] [wsgi:error] [pid 174703:tid 140512114673408] [remote 18.223.1.190:62847] Not Found: /public/.env
[Sun Dec 05 17:29:13.893635 2021] [wsgi:error] [pid 174703:tid 140512131458816] [remote 18.223.1.190:62842] Not Found: /info.php
[Sun Dec 05 17:29:13.895769 2021] [wsgi:error] [pid 174703:tid 140512123066112] [remote 18.223.1.190:62844] Not Found: /.aws/credentials
[Sun Dec 05 17:29:13.896380 2021] [wsgi:error] [pid 174703:tid 140512156636928] [remote 18.223.1.190:62854] Not Found: /localhost/.env
[Sun Dec 05 17:29:13.896942 2021] [wsgi:error] [pid 174703:tid 140512081102592] [remote 18.223.1.190:62851] Not Found: /platform/.env
[Sun Dec 05 17:29:13.900515 2021] [wsgi:error] [pid 174703:tid 140512165029632] [remote 18.223.1.190:62855] Not Found: /test/.env
[Sun Dec 05 17:29:13.900707 2021] [wsgi:error] [pid 174703:tid 140512097888000] [remote 18.223.1.190:62839] Not Found: /.env.bak
[Sun Dec 05 17:29:13.904576 2021] [wsgi:error] [pid 174703:tid 140512064317184] [remote 18.223.1.190:62853] Not Found: /development/.env
[Sun Dec 05 17:29:13.907594 2021] [wsgi:error] [pid 174703:tid 140512173422336] [remote 18.223.1.190:62838] Not Found: /.env
[Sun Dec 05 17:29:13.907748 2021] [wsgi:error] [pid 174703:tid 140512139851520] [remote 18.223.1.190:62856] Not Found: /testing/.env
[Sun Dec 05 17:29:13.908067 2021] [wsgi:error] [pid 174703:tid 140512055924480] [remote 18.223.1.190:62861] Not Found: /
[Sun Dec 05 17:29:13.908322 2021] [wsgi:error] [pid 174703:tid 140512072709888] [remote 18.223.1.190:62859] Not Found: /locally/.env
[Sun Dec 05 17:29:13.908741 2021] [wsgi:error] [pid 174703:tid 140512089495296] [remote 18.223.1.190:62857] Not Found: /prod/.env
[Sun Dec 05 17:29:13.908851 2021] [wsgi:error] [pid 174703:tid 140512106280704] [remote 18.223.1.190:62860] Not Found: /developer/.env
[Sun Dec 05 17:29:13.909084 2021] [wsgi:error] [pid 174703:tid 140512148244224] [remote 18.223.1.190:62858] Not Found: /production/.env
[Sun Dec 05 19:35:06.979305 2021] [wsgi:error] [pid 174703:tid 140512114673408] [remote 192.241.213.56:35552] Not Found: /portal/redlion
[Sun Dec 05 20:10:13.353156 2021] [wsgi:error] [pid 174703:tid 140512148244224] [remote 192.241.209.199:41638] Not Found: /actuator/health
[Sun Dec 05 20:25:17.404131 2021] [wsgi:error] [pid 174703:tid 140512114673408] [remote 178.62.59.163:41908] Not Found: /.env
[Sun Dec 05 20:25:17.711745 2021] [wsgi:error] [pid 174703:tid 140512148244224] [remote 178.62.59.163:42144] Not Found: /
[Sun Dec 05 20:53:21.039353 2021] [wsgi:error] [pid 174703:tid 140512114673408] [remote 192.241.214.108:35684] Not Found: /manager/text/list
[Sun Dec 05 22:13:36.771348 2021] [wsgi:error] [pid 174703:tid 140512148244224] [remote 162.221.192.26:52324] Not Found: /
[Sun Dec 05 22:23:43.811854 2021] [wsgi:error] [pid 174703:tid 140512114673408] [remote 92.118.160.41:35035] Invalid HTTP_HOST header: 'vast-production-sfo3.zentrick.com'. You may need to add 'vast-production-sfo3.zentrick.com' to ALLOWED_HOSTS.
[Sun Dec 05 22:23:43.843710 2021] [wsgi:error] [pid 174703:tid 140512114673408] [remote 92.118.160.41:35035] Bad Request: /
[Sun Dec 05 23:09:33.307243 2021] [wsgi:error] [pid 174703:tid 140512148244224] [remote 178.62.59.163:40772] Not Found: /.env
[Sun Dec 05 23:09:33.690396 2021] [wsgi:error] [pid 174703:tid 140512114673408] [remote 178.62.59.163:41256] Not Found: /
Exception ignored in: <function Local.__del__ at 0x7fcb8225d430>
Traceback (most recent call last):
  File "/DjangoServer/venv/lib/python3.8/site-packages/asgiref/local.py", line 96, in __del__
NameError: name 'TypeError' is not defined
Exception ignored in: <function Local.__del__ at 0x7fcb8225d430>
Traceback (most recent call last):
  File "/DjangoServer/venv/lib/python3.8/site-packages/asgiref/local.py", line 96, in __del__
NameError: name 'TypeError' is not defined
[Mon Dec 06 00:08:33.619075 2021] [wsgi:error] [pid 181968:tid 140512148244224] [remote 198.98.51.210:60792] Not Found: /config/getuser
[Mon Dec 06 00:10:08.744359 2021] [wsgi:error] [pid 181968:tid 140512114673408] [remote 45.155.126.222:37679] Not Found: /
[Mon Dec 06 00:15:43.219506 2021] [wsgi:error] [pid 181968:tid 140512148244224] [remote 192.241.210.50:39432] Not Found: /manager/html
[Mon Dec 06 00:18:38.215943 2021] [wsgi:error] [pid 181968:tid 140512114673408] [remote 65.49.20.69:31780] Not Found: /
[Mon Dec 06 00:32:01.762098 2021] [wsgi:error] [pid 181968:tid 140512148244224] [remote 188.166.181.18:61953] Invalid HTTP_HOST header: '127.0.1.1'. You may need to add '127.0.1.1' to ALLOWED_HOSTS.
[Mon Dec 06 00:32:01.825971 2021] [wsgi:error] [pid 181968:tid 140512148244224] [remote 188.166.181.18:61953] Bad Request: /
[Mon Dec 06 00:46:41.979455 2021] [wsgi:error] [pid 181968:tid 140512114673408] [remote 45.155.205.233:50952] Not Found: /solr/admin/info/system
[Mon Dec 06 00:53:56.980079 2021] [wsgi:error] [pid 181968:tid 140512148244224] [remote 45.87.214.108:38810] Not Found: /.env
[Mon Dec 06 00:53:58.448322 2021] [wsgi:error] [pid 181968:tid 140512114673408] [remote 45.87.214.108:41452] Not Found: /
[Mon Dec 06 01:05:31.013905 2021] [wsgi:error] [pid 181968:tid 140512148244224] [remote 45.155.205.233:55510] Not Found: /index.php
[Mon Dec 06 01:42:40.188017 2021] [wsgi:error] [pid 181968:tid 140512114673408] [remote 45.155.205.233:36132] Not Found: /
[Mon Dec 06 02:12:39.431399 2021] [wsgi:error] [pid 181968:tid 140512148244224] [remote 45.155.205.233:43154] Not Found: /
[Mon Dec 06 02:17:55.137668 2021] [wsgi:error] [pid 181968:tid 140512114673408] [remote 20.102.73.19:65086] Not Found: /.env
[Mon Dec 06 02:17:57.437430 2021] [wsgi:error] [pid 181968:tid 140512148244224] [remote 20.102.73.19:57445] Not Found: /
[Mon Dec 06 02:57:30.938456 2021] [wsgi:error] [pid 181968:tid 140512114673408] [remote 185.220.101.136:11450] Not Found: /
[Mon Dec 06 03:17:52.067168 2021] [wsgi:error] [pid 181968:tid 140512148244224] [remote 45.155.205.233:46976] Not Found: /Autodiscover/Autodiscover.xml
[Mon Dec 06 03:18:44.758994 2021] [wsgi:error] [pid 181968:tid 140512114673408] [remote 128.199.29.99:53306] Not Found: /.env
[Mon Dec 06 03:18:45.618552 2021] [wsgi:error] [pid 181968:tid 140512148244224] [remote 128.199.29.99:53347] Not Found: /
[Mon Dec 06 03:59:04.159752 2021] [wsgi:error] [pid 181968:tid 140512114673408] [remote 45.155.205.233:49924] Not Found: /_ignition/execute-solution
[Mon Dec 06 05:02:26.209291 2021] [core:error] [pid 181970:tid 140512181815040] [client 45.155.205.233:55956] AH00126: Invalid URI in request POST /cgi-bin/.%2e/.%2e/.%2e/.%2e/bin/sh HTTP/1.1
[Mon Dec 06 05:22:30.671324 2021] [wsgi:error] [pid 181968:tid 140512148244224] [remote 69.162.243.124:36484] Not Found: /.env
[Mon Dec 06 05:22:30.778537 2021] [wsgi:error] [pid 181968:tid 140512114673408] [remote 69.162.243.124:36510] Not Found: /
[Mon Dec 06 05:24:46.468696 2021] [wsgi:error] [pid 181968:tid 140512148244224] [remote 138.68.239.66:40318] Invalid HTTP_HOST header: '192.168.204.111:8080'. You may need to add '192.168.204.111' to ALLOWED_HOSTS.
[Mon Dec 06 05:24:46.482503 2021] [wsgi:error] [pid 181968:tid 140512114673408] [remote 138.68.173.83:47432] Invalid HTTP_HOST header: '192.168.204.111:8080'. You may need to add '192.168.204.111' to ALLOWED_HOSTS.
[Mon Dec 06 05:24:46.553978 2021] [wsgi:error] [pid 181968:tid 140512114673408] [remote 138.68.173.83:47432] Bad Request: /3000D00E0000FFFF3F0031313744373731343634304537353046007A7A7A7A7A7A7A7A7A7A7A7A7A7A7A0000000000000000000000000000000000000000000000000000000000000000000000000000000000000000000001000008047A7A7A7A7A7A7A7A7A0000000000000000000000000000000000000000000000000000000000000000
[Mon Dec 06 05:24:46.557455 2021] [wsgi:error] [pid 181968:tid 140512148244224] [remote 138.68.239.66:40318] Bad Request: /3000D00E0000FFFF3F0031313744373731343634304537353046007A7A7A7A7A7A7A7A7A7A7A7A7A7A7A0000000000000000000000000000000000000000000000000000000000000000000000000000000000000000000001000008047A7A7A7A7A7A7A7A7A0000000000000000000000000000000000000000000000000000000000000000
[Mon Dec 06 05:24:48.065215 2021] [wsgi:error] [pid 181968:tid 140512123066112] [remote 138.68.239.66:40766] Invalid HTTP_HOST header: '192.168.204.159'. You may need to add '192.168.204.159' to ALLOWED_HOSTS.
[Mon Dec 06 05:24:48.105507 2021] [wsgi:error] [pid 181968:tid 140512123066112] [remote 138.68.239.66:40766] Bad Request: /
[Mon Dec 06 05:24:48.714556 2021] [wsgi:error] [pid 181968:tid 140512148244224] [remote 138.68.173.83:48810] Invalid HTTP_HOST header: '192.168.204.159'. You may need to add '192.168.204.159' to ALLOWED_HOSTS.
[Mon Dec 06 05:24:48.740884 2021] [wsgi:error] [pid 181968:tid 140512148244224] [remote 138.68.173.83:48810] Bad Request: /
[Mon Dec 06 05:25:15.399171 2021] [wsgi:error] [pid 181968:tid 140512123066112] [remote 167.71.141.177:39492] Invalid HTTP_HOST header: '192.168.204.111:8080'. You may need to add '192.168.204.111' to ALLOWED_HOSTS.
[Mon Dec 06 05:25:15.438798 2021] [wsgi:error] [pid 181968:tid 140512123066112] [remote 167.71.141.177:39492] Bad Request: /3000D00E0000FFFF3F0031313744373731343634304537353046007A7A7A7A7A7A7A7A7A7A7A7A7A7A7A0000000000000000000000000000000000000000000000000000000000000000000000000000000000000000000001000008047A7A7A7A7A7A7A7A7A0000000000000000000000000000000000000000000000000000000000000000
[Mon Dec 06 05:25:17.593245 2021] [wsgi:error] [pid 181968:tid 140512148244224] [remote 167.71.141.177:40414] Invalid HTTP_HOST header: '192.168.204.159'. You may need to add '192.168.204.159' to ALLOWED_HOSTS.
[Mon Dec 06 05:25:17.619943 2021] [wsgi:error] [pid 181968:tid 140512148244224] [remote 167.71.141.177:40414] Bad Request: /
[Mon Dec 06 05:55:27.897716 2021] [wsgi:error] [pid 181968:tid 140512123066112] [remote 45.155.205.233:59320] Not Found: /
[Mon Dec 06 06:02:06.807123 2021] [wsgi:error] [pid 181968:tid 140512148244224] [remote 20.115.35.92:59645] Not Found: /
[Mon Dec 06 06:11:42.166873 2021] [wsgi:error] [pid 181968:tid 140512123066112] [remote 45.33.65.249:50578] Invalid HTTP_HOST header: '127.0.1.1'. You may need to add '127.0.1.1' to ALLOWED_HOSTS.
[Mon Dec 06 06:11:42.208426 2021] [wsgi:error] [pid 181968:tid 140512123066112] [remote 45.33.65.249:50578] Bad Request: /
[Mon Dec 06 06:11:42.522353 2021] [wsgi:error] [pid 181968:tid 140512123066112] [remote 45.33.65.249:54076] Not Found: /
[Mon Dec 06 06:11:42.524636 2021] [wsgi:error] [pid 181968:tid 140512148244224] [remote 45.33.65.249:54078] Not Found: /
[Mon Dec 06 06:11:42.609641 2021] [authz_core:error] [pid 181969:tid 140512036108032] [client 45.33.65.249:54154] AH01630: client denied by server configuration: /DjangoServer/RestApi/wsgi.py
[Mon Dec 06 06:11:42.614344 2021] [wsgi:error] [pid 181968:tid 140512148244224] [remote 45.33.65.249:54128] Not Found: /zCTK
[Mon Dec 06 06:11:42.621147 2021] [wsgi:error] [pid 181968:tid 140512114673408] [remote 45.33.65.249:54150] Not Found: /
[Mon Dec 06 06:11:42.632435 2021] [wsgi:error] [pid 181968:tid 140512064317184] [remote 45.33.65.249:54138] Not Found: /CSS/Miniweb.css
[Mon Dec 06 06:11:42.633840 2021] [wsgi:error] [pid 181968:tid 140512089495296] [remote 45.33.65.249:54124] Invalid HTTP_HOST header: '127.0.1.1'. You may need to add '127.0.1.1' to ALLOWED_HOSTS.
[Mon Dec 06 06:11:42.662779 2021] [wsgi:error] [pid 181968:tid 140512072709888] [remote 45.33.65.249:54140] Not Found: /Portal0000.htm
[Mon Dec 06 06:11:42.677481 2021] [wsgi:error] [pid 181968:tid 140512139851520] [remote 45.33.65.249:54142] Not Found: /scripts/WPnBr.dll
[Mon Dec 06 06:11:42.682760 2021] [wsgi:error] [pid 181968:tid 140512055924480] [remote 45.33.65.249:54144] Not Found: /sdk
[Mon Dec 06 06:11:42.703893 2021] [wsgi:error] [pid 181968:tid 140512123066112] [remote 45.33.65.249:54136] Not Found: /Portal/Portal.mwsl
[Mon Dec 06 06:11:42.714530 2021] [wsgi:error] [pid 181968:tid 140512131458816] [remote 45.33.65.249:54148] Not Found: /.git/HEAD
[Mon Dec 06 06:11:42.717567 2021] [wsgi:error] [pid 181968:tid 140512081102592] [remote 45.33.65.249:54132] Not Found: /start.pl
[Mon Dec 06 06:11:42.717817 2021] [wsgi:error] [pid 181968:tid 140512089495296] [remote 45.33.65.249:54124] Bad Request: /
[Mon Dec 06 06:11:42.866134 2021] [wsgi:error] [pid 181968:tid 140512173422336] [remote 45.33.65.249:54268] Not Found: /nmaplowercheck1638771102
[Mon Dec 06 06:11:42.976289 2021] [wsgi:error] [pid 181968:tid 140512089495296] [remote 45.33.65.249:54340] Not Found: /favicon.ico
[Mon Dec 06 06:11:43.023116 2021] [wsgi:error] [pid 181968:tid 140512173422336] [remote 45.33.65.249:54398] Not Found: /
[Mon Dec 06 06:11:43.075532 2021] [wsgi:error] [pid 181968:tid 140512173422336] [remote 45.33.65.249:54412] Not Found: /__Additional
[Mon Dec 06 06:11:43.080495 2021] [wsgi:error] [pid 181968:tid 140512089495296] [remote 45.33.65.249:54410] Not Found: /docs/cplugError.html/
[Mon Dec 06 06:11:43.085315 2021] [wsgi:error] [pid 181968:tid 140512131458816] [remote 45.33.65.249:54414] Not Found: /
[Mon Dec 06 06:11:43.126401 2021] [wsgi:error] [pid 181968:tid 140512081102592] [remote 45.33.65.249:54436] Not Found: /main.jsp
[Mon Dec 06 06:11:43.227120 2021] [wsgi:error] [pid 181968:tid 140512131458816] [remote 45.33.65.249:54464] Not Found: /HNAP1
[Mon Dec 06 06:11:43.362370 2021] [wsgi:error] [pid 181968:tid 140512081102592] [remote 45.33.65.249:54490] Not Found: /pools/default/buckets
[Mon Dec 06 06:11:43.570190 2021] [wsgi:error] [pid 181968:tid 140512131458816] [remote 45.33.65.249:19917] Not Found: /base.asp
[Mon Dec 06 06:11:43.619861 2021] [wsgi:error] [pid 181968:tid 140512081102592] [remote 45.33.65.249:54828] Not Found: /
[Mon Dec 06 06:11:43.717763 2021] [wsgi:error] [pid 181968:tid 140512131458816] [remote 45.33.65.249:54884] Not Found: /pools
[Mon Dec 06 06:11:43.987723 2021] [wsgi:error] [pid 181968:tid 140512081102592] [remote 45.33.65.249:55064] Not Found: /base.html
[Mon Dec 06 06:11:44.394299 2021] [wsgi:error] [pid 181968:tid 140512131458816] [remote 45.33.65.249:20545] Not Found: /start.jsa
[Mon Dec 06 06:11:44.809335 2021] [wsgi:error] [pid 181968:tid 140512081102592] [remote 45.33.65.249:55716] Not Found: /index.php
[Mon Dec 06 06:11:45.166051 2021] [wsgi:error] [pid 181968:tid 140512131458816] [remote 45.33.65.249:55888] Not Found: /menu.jsp
[Mon Dec 06 06:11:45.529872 2021] [wsgi:error] [pid 181968:tid 140512081102592] [remote 45.33.65.249:56144] Not Found: /start.asp
[Mon Dec 06 06:11:45.970043 2021] [wsgi:error] [pid 181968:tid 140512131458816] [remote 45.33.65.249:56486] Not Found: /default.jsp
[Mon Dec 06 06:11:46.375412 2021] [wsgi:error] [pid 181968:tid 140512081102592] [remote 45.33.65.249:56808] Not Found: /index.cgi
[Mon Dec 06 06:11:46.739031 2021] [wsgi:error] [pid 181968:tid 140512131458816] [remote 45.33.65.249:57122] Not Found: /index.aspx
[Mon Dec 06 06:11:47.150551 2021] [wsgi:error] [pid 181968:tid 140512081102592] [remote 45.33.65.249:57438] Not Found: /main.jhtml
[Mon Dec 06 06:11:47.514947 2021] [wsgi:error] [pid 181968:tid 140512131458816] [remote 45.33.65.249:57732] Not Found: /default.jhtml
[Mon Dec 06 06:11:47.931411 2021] [wsgi:error] [pid 181968:tid 140512081102592] [remote 45.33.65.249:57978] Not Found: /admin.shtml
[Mon Dec 06 06:11:48.344107 2021] [wsgi:error] [pid 181968:tid 140512131458816] [remote 45.33.65.249:58202] Not Found: /menu.html
[Mon Dec 06 06:11:48.763110 2021] [wsgi:error] [pid 181968:tid 140512081102592] [remote 45.33.65.249:58432] Not Found: /index.jsa
[Mon Dec 06 06:11:49.174563 2021] [wsgi:error] [pid 181968:tid 140512131458816] [remote 45.33.65.249:58766] Not Found: /home.jsp
[Mon Dec 06 06:11:49.540607 2021] [wsgi:error] [pid 181968:tid 140512081102592] [remote 45.33.65.249:58998] Not Found: /inicio.cfm
[Mon Dec 06 06:11:49.910905 2021] [wsgi:error] [pid 181968:tid 140512131458816] [remote 45.33.65.249:59260] Not Found: /readme.txt
[Mon Dec 06 06:11:50.353031 2021] [wsgi:error] [pid 181968:tid 140512081102592] [remote 45.33.65.249:59522] Not Found: /default.pl
[Mon Dec 06 06:11:50.718552 2021] [wsgi:error] [pid 181968:tid 140512131458816] [remote 45.33.65.249:20480] Not Found: /robots.txt
[Mon Dec 06 06:11:51.062923 2021] [wsgi:error] [pid 181968:tid 140512081102592] [remote 45.33.65.249:60010] Not Found: /main.jsa
[Mon Dec 06 06:11:51.425253 2021] [wsgi:error] [pid 181968:tid 140512131458816] [remote 45.33.65.249:60204] Not Found: /default.jsa
[Mon Dec 06 06:11:51.843575 2021] [wsgi:error] [pid 181968:tid 140512081102592] [remote 45.33.65.249:60432] Not Found: /start.php
[Mon Dec 06 06:11:52.258983 2021] [wsgi:error] [pid 181968:tid 140512131458816] [remote 45.33.65.249:60752] Not Found: /localstart.cfm
[Mon Dec 06 06:11:52.620232 2021] [wsgi:error] [pid 181968:tid 140512081102592] [remote 45.33.65.249:60950] Not Found: /default.asp
[Mon Dec 06 06:11:53.032219 2021] [wsgi:error] [pid 181968:tid 140512131458816] [remote 45.33.65.249:32974] Not Found: /admin.cgi
[Mon Dec 06 06:11:53.487417 2021] [wsgi:error] [pid 181968:tid 140512081102592] [remote 45.33.65.249:33252] Invalid HTTP_HOST header: '127.0.1.1'. You may need to add '127.0.1.1' to ALLOWED_HOSTS.
[Mon Dec 06 06:11:53.526685 2021] [wsgi:error] [pid 181968:tid 140512081102592] [remote 45.33.65.249:33252] Bad Request: /
[Mon Dec 06 06:11:53.841398 2021] [wsgi:error] [pid 181968:tid 140512131458816] [remote 45.33.65.249:33462] Not Found: /
[Mon Dec 06 06:18:21.374115 2021] [wsgi:error] [pid 181968:tid 140512081102592] [remote 45.87.214.108:46532] Not Found: /
[Mon Dec 06 06:19:42.375840 2021] [wsgi:error] [pid 181968:tid 140512131458816] [remote 170.239.76.93:40028] Not Found: /
[Mon Dec 06 06:23:25.652545 2021] [wsgi:error] [pid 181968:tid 140512081102592] [remote 112.248.125.135:33528] Invalid HTTP_HOST header: '127.0.1.1'. You may need to add '127.0.1.1' to ALLOWED_HOSTS.
[Mon Dec 06 06:23:25.678041 2021] [wsgi:error] [pid 181968:tid 140512081102592] [remote 112.248.125.135:33528] Bad Request: /boaform/admin/formLogin
[Mon Dec 06 06:31:48.591958 2021] [wsgi:error] [pid 181968:tid 140512131458816] [remote 209.141.62.227:53226] Invalid HTTP_HOST header: '369best.com'. You may need to add '369best.com' to ALLOWED_HOSTS.
[Mon Dec 06 06:31:48.636166 2021] [wsgi:error] [pid 181968:tid 140512131458816] [remote 209.141.62.227:53226] Bad Request: /fbd/index.html
[Mon Dec 06 06:47:17.575837 2021] [wsgi:error] [pid 181968:tid 140512081102592] [remote 199.19.226.253:40888] Invalid HTTP_HOST header: 'apibx.bongx9.com'. You may need to add 'apibx.bongx9.com' to ALLOWED_HOSTS.
[Mon Dec 06 06:47:17.600097 2021] [wsgi:error] [pid 181968:tid 140512081102592] [remote 199.19.226.253:40888] Bad Request: /api/login
[Mon Dec 06 06:54:34.457031 2021] [wsgi:error] [pid 181968:tid 140512131458816] [remote 209.141.58.179:36758] Invalid HTTP_HOST header: 'pl.baiseling.com'. You may need to add 'pl.baiseling.com' to ALLOWED_HOSTS.
[Mon Dec 06 06:54:34.484029 2021] [wsgi:error] [pid 181968:tid 140512131458816] [remote 209.141.58.179:36758] Bad Request: /Login.aspx
[Mon Dec 06 07:02:41.082475 2021] [wsgi:error] [pid 181968:tid 140512081102592] [remote 128.14.102.187:20824] Not Found: /
[Mon Dec 06 07:27:56.160491 2021] [wsgi:error] [pid 181968:tid 140512131458816] [remote 154.89.5.74:18026] Not Found: /
[Mon Dec 06 07:29:47.687113 2021] [wsgi:error] [pid 181968:tid 140512081102592] [remote 45.155.204.96:61443] Invalid HTTP_HOST header: '127.0.1.1'. You may need to add '127.0.1.1' to ALLOWED_HOSTS.
[Mon Dec 06 07:29:47.710271 2021] [wsgi:error] [pid 181968:tid 140512081102592] [remote 45.155.204.96:61443] Bad Request: /
[Mon Dec 06 07:31:12.776441 2021] [wsgi:error] [pid 181968:tid 140512131458816] [remote 209.141.48.235:44404] Invalid HTTP_HOST header: 'apibx.bongx9.com'. You may need to add 'apibx.bongx9.com' to ALLOWED_HOSTS.
[Mon Dec 06 07:31:12.800050 2021] [wsgi:error] [pid 181968:tid 140512131458816] [remote 209.141.48.235:44404] Bad Request: /api/bong88-links
[Mon Dec 06 07:42:43.579807 2021] [wsgi:error] [pid 181968:tid 140512081102592] [remote 45.155.204.96:61443] Invalid HTTP_HOST header: '127.0.1.1'. You may need to add '127.0.1.1' to ALLOWED_HOSTS.
[Mon Dec 06 07:42:43.616899 2021] [wsgi:error] [pid 181968:tid 140512081102592] [remote 45.155.204.96:61443] Bad Request: /
[Mon Dec 06 08:09:24.639570 2021] [wsgi:error] [pid 181968:tid 140512131458816] [remote 114.255.88.84:55667] Invalid HTTP_HOST header: '127.0.1.1'. You may need to add '127.0.1.1' to ALLOWED_HOSTS.
[Mon Dec 06 08:09:24.723333 2021] [wsgi:error] [pid 181968:tid 140512131458816] [remote 114.255.88.84:55667] Bad Request: /
[Mon Dec 06 08:10:13.764038 2021] [wsgi:error] [pid 181968:tid 140512081102592] [remote 193.118.53.202:60548] Not Found: /solr/
[Mon Dec 06 08:25:25.989438 2021] [wsgi:error] [pid 181968:tid 140512131458816] [remote 205.185.124.172:47724] Invalid HTTP_HOST header: 'apibx.bongx9.com'. You may need to add 'apibx.bongx9.com' to ALLOWED_HOSTS.
[Mon Dec 06 08:25:26.027863 2021] [wsgi:error] [pid 181968:tid 140512131458816] [remote 205.185.124.172:47724] Bad Request: /api/bong88-links
[Mon Dec 06 08:39:40.967546 2021] [wsgi:error] [pid 181968:tid 140512081102592] [remote 178.62.59.163:58354] Not Found: /.env
[Mon Dec 06 08:39:43.001222 2021] [wsgi:error] [pid 181968:tid 140512131458816] [remote 178.62.59.163:60236] Not Found: /
[Mon Dec 06 09:34:54.611071 2021] [wsgi:error] [pid 181968:tid 140512081102592] [remote 45.33.120.189:51509] Not Found: /.env
[Mon Dec 06 09:34:55.392464 2021] [wsgi:error] [pid 181968:tid 140512131458816] [remote 45.33.120.189:51784] Not Found: /
[Mon Dec 06 09:36:30.854188 2021] [wsgi:error] [pid 181968:tid 140512081102592] [remote 103.28.70.46:56218] Not Found: /.env
[Mon Dec 06 09:36:31.412343 2021] [wsgi:error] [pid 181968:tid 140512131458816] [remote 103.28.70.46:56259] Not Found: /
[Mon Dec 06 09:54:40.514995 2021] [wsgi:error] [pid 181968:tid 140512081102592] [remote 54.153.124.247:50651] Not Found: /.env
[Mon Dec 06 09:54:40.537389 2021] [wsgi:error] [pid 181968:tid 140512131458816] [remote 54.153.124.247:50662] Not Found: /
[Mon Dec 06 10:37:18.631258 2021] [wsgi:error] [pid 181968:tid 140512081102592] [remote 198.20.70.114:32810] Not Found: /
[Mon Dec 06 10:37:20.879719 2021] [wsgi:error] [pid 181968:tid 140512131458816] [remote 198.20.70.114:32886] Not Found: /robots.txt
[Mon Dec 06 10:37:21.045378 2021] [wsgi:error] [pid 181968:tid 140512081102592] [remote 198.20.70.114:32996] Not Found: /sitemap.xml
[Mon Dec 06 10:37:21.142972 2021] [wsgi:error] [pid 181968:tid 140512131458816] [remote 198.20.70.114:33044] Not Found: /.well-known/security.txt
[Mon Dec 06 10:37:21.610796 2021] [wsgi:error] [pid 181968:tid 140512081102592] [remote 198.20.70.114:33266] Not Found: /favicon.ico
[Mon Dec 06 10:37:29.399460 2021] [wsgi:error] [pid 181968:tid 140512131458816] [remote 34.140.248.32:45380] Not Found: /
[Mon Dec 06 10:50:17.222854 2021] [wsgi:error] [pid 181968:tid 140512081102592] [remote 59.36.168.250:55574] Not Found: /.env
[Mon Dec 06 10:50:17.773567 2021] [wsgi:error] [pid 181968:tid 140512131458816] [remote 59.36.168.250:55614] Not Found: /
[Mon Dec 06 11:39:30.255840 2021] [wsgi:error] [pid 181968:tid 140512081102592] [remote 178.62.59.163:59860] Not Found: /.env
[Mon Dec 06 11:39:30.534647 2021] [wsgi:error] [pid 181968:tid 140512131458816] [remote 178.62.59.163:60158] Not Found: /
Exception ignored in: <function Local.__del__ at 0x7fcb8225d430>
Traceback (most recent call last):
  File "/DjangoServer/venv/lib/python3.8/site-packages/asgiref/local.py", line 96, in __del__
NameError: name 'TypeError' is not defined
Exception ignored in: <function Local.__del__ at 0x7fcb8225d430>
Traceback (most recent call last):
  File "/DjangoServer/venv/lib/python3.8/site-packages/asgiref/local.py", line 96, in __del__
NameError: name 'TypeError' is not defined
Exception ignored in: <function Local.__del__ at 0x7fcb809ecf70>
Traceback (most recent call last):
  File "/DjangoServer/venv/lib/python3.8/site-packages/asgiref/local.py", line 96, in __del__
NameError: name 'TypeError' is not defined
Exception ignored in: <function Local.__del__ at 0x7fcb809ecf70>
Traceback (most recent call last):
  File "/DjangoServer/venv/lib/python3.8/site-packages/asgiref/local.py", line 96, in __del__
NameError: name 'TypeError' is not defined
[Mon Dec 06 12:49:38.364360 2021] [wsgi:error] [pid 189115:tid 140681601136384] [remote 69.27.21.152:13126] Internal Server Error: /getUserByUserName
[Mon Dec 06 12:49:38.364438 2021] [wsgi:error] [pid 189115:tid 140681601136384] [remote 69.27.21.152:13126] Traceback (most recent call last):
[Mon Dec 06 12:49:38.364446 2021] [wsgi:error] [pid 189115:tid 140681601136384] [remote 69.27.21.152:13126]   File "/DjangoServer/venv/lib/python3.8/site-packages/django/core/handlers/exception.py", line 47, in inner
[Mon Dec 06 12:49:38.364452 2021] [wsgi:error] [pid 189115:tid 140681601136384] [remote 69.27.21.152:13126]     response = get_response(request)
[Mon Dec 06 12:49:38.364457 2021] [wsgi:error] [pid 189115:tid 140681601136384] [remote 69.27.21.152:13126]   File "/DjangoServer/venv/lib/python3.8/site-packages/django/utils/deprecation.py", line 116, in __call__
[Mon Dec 06 12:49:38.364635 2021] [wsgi:error] [pid 189115:tid 140681601136384] [remote 69.27.21.152:13126]     response = self.process_request(request)
[Mon Dec 06 12:49:38.364644 2021] [wsgi:error] [pid 189115:tid 140681601136384] [remote 69.27.21.152:13126]   File "/DjangoServer/venv/lib/python3.8/site-packages/django/middleware/common.py", line 54, in process_request
[Mon Dec 06 12:49:38.364649 2021] [wsgi:error] [pid 189115:tid 140681601136384] [remote 69.27.21.152:13126]     path = self.get_full_path_with_slash(request)
[Mon Dec 06 12:49:38.364654 2021] [wsgi:error] [pid 189115:tid 140681601136384] [remote 69.27.21.152:13126]   File "/DjangoServer/venv/lib/python3.8/site-packages/django/middleware/common.py", line 88, in get_full_path_with_slash
[Mon Dec 06 12:49:38.364659 2021] [wsgi:error] [pid 189115:tid 140681601136384] [remote 69.27.21.152:13126]     raise RuntimeError(
[Mon Dec 06 12:49:38.364674 2021] [wsgi:error] [pid 189115:tid 140681601136384] [remote 69.27.21.152:13126] RuntimeError: You called this URL via POST, but the URL doesn't end in a slash and you have APPEND_SLASH set. Django can't redirect to the slash URL while maintaining POST data. Change your form to point to api.delware.tech/getUserByUserName/ (note the trailing slash), or set APPEND_SLASH=False in your Django settings.
